// Jest Snapshot v1, https://goo.gl/fbAQLP

exports[`Immediately after being drawn, it is displayed as OFF 1`] = `
<div>
  <button>
    OFF
  </button>
</div>
`;
